<?xml version="1.0" encoding="utf-8"?>
<TestRun id="94432f2b-688f-4e04-9c09-d504517f72a6" name="米山@DESKTOP-DE0SNP1 2025-11-02 08:35:19" runUser="DESKTOP-DE0SNP1\米山" xmlns="http://microsoft.com/schemas/VisualStudio/TeamTest/2010">
  <Times creation="2025-11-02T08:35:19.6382751+09:00" queuing="2025-11-02T08:35:19.6382756+09:00" start="2025-11-02T08:35:12.9866336+09:00" finish="2025-11-02T08:35:19.7425521+09:00" />
  <TestSettings name="default" id="0925bc25-ecdb-4434-8ca1-1598a884e37b">
    <Deployment runDeploymentRoot="米山_DESKTOP-DE0SNP1_2025-11-02_08_35_19" />
  </TestSettings>
  <Results>
    <UnitTestResult executionId="629c7e92-15f4-462d-b524-4a7c301f1a95" testId="7d01a73e-d20a-44fe-9ae2-135f87bc6c9a" testName="SmokeTests.CompilesAndRuns" computerName="DESKTOP-DE0SNP1" duration="00:00:00.1900590" startTime="2025-11-02T08:35:19.0758009+09:00" endTime="2025-11-02T08:35:19.0759041+09:00" testType="13cdc9d9-ddb5-4fa4-a97d-d965ccfc6d4b" outcome="Passed" testListId="8c84fa94-04c1-424b-9868-57a2d4851a1d" relativeResultsDirectory="629c7e92-15f4-462d-b524-4a7c301f1a95" />
  </Results>
  <TestDefinitions>
    <UnitTest name="SmokeTests.CompilesAndRuns" storage="c:\users\米山\duelmasters\tests\duelmasters.tests\bin\debug\net8.0\duelmasters.tests.dll" id="7d01a73e-d20a-44fe-9ae2-135f87bc6c9a">
      <Execution id="629c7e92-15f4-462d-b524-4a7c301f1a95" />
      <TestMethod codeBase="C:\Users\米山\DuelMasters\tests\DuelMasters.Tests\bin\Debug\net8.0\DuelMasters.Tests.dll" adapterTypeName="executor://xunit/VsTestRunner2/netcoreapp" className="SmokeTests" name="CompilesAndRuns" />
    </UnitTest>
  </TestDefinitions>
  <TestEntries>
    <TestEntry testId="7d01a73e-d20a-44fe-9ae2-135f87bc6c9a" executionId="629c7e92-15f4-462d-b524-4a7c301f1a95" testListId="8c84fa94-04c1-424b-9868-57a2d4851a1d" />
  </TestEntries>
  <TestLists>
    <TestList name="Results Not in a List" id="8c84fa94-04c1-424b-9868-57a2d4851a1d" />
    <TestList name="All Loaded Results" id="19431567-8539-422a-85d7-44ee4e166bda" />
  </TestLists>
  <ResultSummary outcome="Completed">
    <Counters total="1" executed="1" passed="1" failed="0" error="0" timeout="0" aborted="0" inconclusive="0" passedButRunAborted="0" notRunnable="0" notExecuted="0" disconnected="0" warning="0" completed="0" inProgress="0" pending="0" />
    <Output>
      <StdOut>[xUnit.net 00:00:00.00] xUnit.net VSTest Adapter v2.8.2+699d445a1a (64-bit .NET 8.0.21)&#xD;
[xUnit.net 00:00:01.41]   Discovering: DuelMasters.Tests&#xD;
[xUnit.net 00:00:01.74]   Discovered:  DuelMasters.Tests&#xD;
[xUnit.net 00:00:01.77]   Starting:    DuelMasters.Tests&#xD;
[xUnit.net 00:00:02.26]   Finished:    DuelMasters.Tests&#xD;
</StdOut>
    </Output>
  </ResultSummary>
</TestRun>