<?xml version="1.0" encoding="utf-8"?>
<TestRun id="b9e2cb43-49e9-49fd-b0de-9b0c0c0f2bb1" name="米山@DESKTOP-DE0SNP1 2025-11-02 10:48:16" runUser="DESKTOP-DE0SNP1\米山" xmlns="http://microsoft.com/schemas/VisualStudio/TeamTest/2010">
  <Times creation="2025-11-02T10:48:16.1121477+09:00" queuing="2025-11-02T10:48:16.1121482+09:00" start="2025-11-02T10:48:12.1554251+09:00" finish="2025-11-02T10:48:16.1573015+09:00" />
  <TestSettings name="default" id="3007d545-4ff2-456c-a763-6deb3488d21f">
    <Deployment runDeploymentRoot="米山_DESKTOP-DE0SNP1_2025-11-02_10_48_16" />
  </TestSettings>
  <Results>
    <UnitTestResult executionId="300cf4eb-7c80-4084-8a52-b92474d4b46d" testId="7d01a73e-d20a-44fe-9ae2-135f87bc6c9a" testName="SmokeTests.CompilesAndRuns" computerName="DESKTOP-DE0SNP1" duration="00:00:00.0464565" startTime="2025-11-02T10:48:15.6630355+09:00" endTime="2025-11-02T10:48:15.6630861+09:00" testType="13cdc9d9-ddb5-4fa4-a97d-d965ccfc6d4b" outcome="Passed" testListId="8c84fa94-04c1-424b-9868-57a2d4851a1d" relativeResultsDirectory="300cf4eb-7c80-4084-8a52-b92474d4b46d" />
  </Results>
  <TestDefinitions>
    <UnitTest name="SmokeTests.CompilesAndRuns" storage="c:\users\米山\duelmasters\tests\duelmasters.tests\bin\debug\net8.0\duelmasters.tests.dll" id="7d01a73e-d20a-44fe-9ae2-135f87bc6c9a">
      <Execution id="300cf4eb-7c80-4084-8a52-b92474d4b46d" />
      <TestMethod codeBase="C:\Users\米山\DuelMasters\tests\DuelMasters.Tests\bin\Debug\net8.0\DuelMasters.Tests.dll" adapterTypeName="executor://xunit/VsTestRunner2/netcoreapp" className="SmokeTests" name="CompilesAndRuns" />
    </UnitTest>
  </TestDefinitions>
  <TestEntries>
    <TestEntry testId="7d01a73e-d20a-44fe-9ae2-135f87bc6c9a" executionId="300cf4eb-7c80-4084-8a52-b92474d4b46d" testListId="8c84fa94-04c1-424b-9868-57a2d4851a1d" />
  </TestEntries>
  <TestLists>
    <TestList name="Results Not in a List" id="8c84fa94-04c1-424b-9868-57a2d4851a1d" />
    <TestList name="All Loaded Results" id="19431567-8539-422a-85d7-44ee4e166bda" />
  </TestLists>
  <ResultSummary outcome="Completed">
    <Counters total="1" executed="1" passed="1" failed="0" error="0" timeout="0" aborted="0" inconclusive="0" passedButRunAborted="0" notRunnable="0" notExecuted="0" disconnected="0" warning="0" completed="0" inProgress="0" pending="0" />
    <Output>
      <StdOut>[xUnit.net 00:00:00.00] xUnit.net VSTest Adapter v2.8.2+699d445a1a (64-bit .NET 8.0.21)&#xD;
[xUnit.net 00:00:00.40]   Discovering: DuelMasters.Tests&#xD;
[xUnit.net 00:00:00.70]   Discovered:  DuelMasters.Tests&#xD;
[xUnit.net 00:00:00.71]   Starting:    DuelMasters.Tests&#xD;
[xUnit.net 00:00:00.99]   Finished:    DuelMasters.Tests&#xD;
</StdOut>
    </Output>
  </ResultSummary>
</TestRun>