<?xml version="1.0" encoding="utf-8"?>
<TestRun id="37f53fef-9151-4ddc-b7eb-3db55c4bbacc" name="米山@DESKTOP-DE0SNP1 2025-11-02 10:48:33" runUser="DESKTOP-DE0SNP1\米山" xmlns="http://microsoft.com/schemas/VisualStudio/TeamTest/2010">
  <Times creation="2025-11-02T10:48:33.3173099+09:00" queuing="2025-11-02T10:48:33.3173104+09:00" start="2025-11-02T10:48:30.5026559+09:00" finish="2025-11-02T10:48:33.5425612+09:00" />
  <TestSettings name="default" id="a8bd87f8-8fde-4432-bc65-25972ed16ae1">
    <Deployment runDeploymentRoot="米山_DESKTOP-DE0SNP1_2025-11-02_10_48_33" />
  </TestSettings>
  <Results>
    <UnitTestResult executionId="16d4d7d6-700f-4c34-8946-351b21cc6aee" testId="0fec0da3-d01d-e6a4-21d5-d07a21e47ea5" testName="TriggerVocabularyTests.JP_And_English_Bare_Triggers_Parse_To_NoOp(text: &quot;このクリーチャーが破壊されるとき&quot;, expected: Destroyed)" computerName="DESKTOP-DE0SNP1" duration="00:00:00.0765501" startTime="2025-11-02T10:48:33.1525305+09:00" endTime="2025-11-02T10:48:33.1525306+09:00" testType="13cdc9d9-ddb5-4fa4-a97d-d965ccfc6d4b" outcome="Passed" testListId="8c84fa94-04c1-424b-9868-57a2d4851a1d" relativeResultsDirectory="16d4d7d6-700f-4c34-8946-351b21cc6aee" />
    <UnitTestResult executionId="516980a6-2bf8-4b7e-985a-e19e300370d4" testId="fe5aae07-8957-8d08-bbd1-84b78bc820ae" testName="JapaneseParsingTests.JP_Text_Is_Normalized_And_Parsed(jp: &quot;攻撃時、1枚ドロー。&quot;, expectedTrigger: AttackDeclared, expectedDraw: 1)" computerName="DESKTOP-DE0SNP1" duration="00:00:00.0024078" startTime="2025-11-02T10:48:33.1552785+09:00" endTime="2025-11-02T10:48:33.1552786+09:00" testType="13cdc9d9-ddb5-4fa4-a97d-d965ccfc6d4b" outcome="Passed" testListId="8c84fa94-04c1-424b-9868-57a2d4851a1d" relativeResultsDirectory="516980a6-2bf8-4b7e-985a-e19e300370d4" />
    <UnitTestResult executionId="c8e91f61-0c68-4fad-9330-81fc22c8e1f0" testId="e1e270d6-b5cf-e9d5-e631-6b15e766cc77" testName="EffectParserTests.Parse_DrawX_YieldsExpectedIR(text: &quot;on summon: draw 2&quot;, expectedTrigger: EnterBattlezone, expectedDraw: 2)" computerName="DESKTOP-DE0SNP1" duration="00:00:00.0004127" startTime="2025-11-02T10:48:33.1541595+09:00" endTime="2025-11-02T10:48:33.1541596+09:00" testType="13cdc9d9-ddb5-4fa4-a97d-d965ccfc6d4b" outcome="Passed" testListId="8c84fa94-04c1-424b-9868-57a2d4851a1d" relativeResultsDirectory="c8e91f61-0c68-4fad-9330-81fc22c8e1f0" />
    <UnitTestResult executionId="d0480850-9ba0-4507-bbd2-831254b60628" testId="7dbef199-2b43-27bf-4896-5555eaa43a8f" testName="JapaneseParsingTests.JP_Text_Is_Normalized_And_Parsed(jp: &quot;攻撃する時：カードを二枚引く&quot;, expectedTrigger: AttackDeclared, expectedDraw: 2)" computerName="DESKTOP-DE0SNP1" duration="00:00:00.0764566" startTime="2025-11-02T10:48:33.1519287+09:00" endTime="2025-11-02T10:48:33.1519289+09:00" testType="13cdc9d9-ddb5-4fa4-a97d-d965ccfc6d4b" outcome="Passed" testListId="8c84fa94-04c1-424b-9868-57a2d4851a1d" relativeResultsDirectory="d0480850-9ba0-4507-bbd2-831254b60628" />
    <UnitTestResult executionId="61819587-962f-4277-9f4d-b9db6e7eb171" testId="88162da8-64c7-e2ce-6c20-2af2bb86aeda" testName="EffectParserTests.PlannedEffect_ExecutesOnTrigger" computerName="DESKTOP-DE0SNP1" duration="00:00:00.0722349" startTime="2025-11-02T10:48:33.1476392+09:00" endTime="2025-11-02T10:48:33.1476861+09:00" testType="13cdc9d9-ddb5-4fa4-a97d-d965ccfc6d4b" outcome="Passed" testListId="8c84fa94-04c1-424b-9868-57a2d4851a1d" relativeResultsDirectory="61819587-962f-4277-9f4d-b9db6e7eb171" />
    <UnitTestResult executionId="d74cab10-c9dd-4e38-b94d-d0cf54fc53b6" testId="44c132eb-461f-d7d1-f4c5-f333f1b56ad1" testName="TriggerVocabularyTests.JP_And_English_Bare_Triggers_Parse_To_NoOp(text: &quot;破壊された時&quot;, expected: Destroyed)" computerName="DESKTOP-DE0SNP1" duration="00:00:00.0000443" startTime="2025-11-02T10:48:33.2407508+09:00" endTime="2025-11-02T10:48:33.2407509+09:00" testType="13cdc9d9-ddb5-4fa4-a97d-d965ccfc6d4b" outcome="Passed" testListId="8c84fa94-04c1-424b-9868-57a2d4851a1d" relativeResultsDirectory="d74cab10-c9dd-4e38-b94d-d0cf54fc53b6" />
    <UnitTestResult executionId="9b245203-7ad6-4c80-aa95-efea82559517" testId="b1ee262b-73f9-1fad-29cd-30bb35cac550" testName="JapaneseParsingTests.JP_Text_Is_Normalized_And_Parsed(jp: &quot;召喚時：カードを2枚引く&quot;, expectedTrigger: EnterBattlezone, expectedDraw: 2)" computerName="DESKTOP-DE0SNP1" duration="00:00:00.0000534" startTime="2025-11-02T10:48:33.2401166+09:00" endTime="2025-11-02T10:48:33.2401169+09:00" testType="13cdc9d9-ddb5-4fa4-a97d-d965ccfc6d4b" outcome="Passed" testListId="8c84fa94-04c1-424b-9868-57a2d4851a1d" relativeResultsDirectory="9b245203-7ad6-4c80-aa95-efea82559517" />
    <UnitTestResult executionId="4bafa5e1-0202-4b6f-b1b5-1a4a7117d419" testId="c48eaf29-d5d1-6bd8-d7f1-43f2aa36a9f8" testName="EffectParserTests.Parse_DrawX_YieldsExpectedIR(text: &quot;on enter: draw 1&quot;, expectedTrigger: EnterBattlezone, expectedDraw: 1)" computerName="DESKTOP-DE0SNP1" duration="00:00:00.0003710" startTime="2025-11-02T10:48:33.1549860+09:00" endTime="2025-11-02T10:48:33.1549868+09:00" testType="13cdc9d9-ddb5-4fa4-a97d-d965ccfc6d4b" outcome="Passed" testListId="8c84fa94-04c1-424b-9868-57a2d4851a1d" relativeResultsDirectory="4bafa5e1-0202-4b6f-b1b5-1a4a7117d419" />
    <UnitTestResult executionId="e56328f3-fcda-4052-8878-851450910aa8" testId="50e13b99-ed59-40ff-b9a7-8a64c2b682a2" testName="TriggerVocabularyTests.JP_And_English_Bare_Triggers_Parse_To_NoOp(text: &quot;シールドをブレイクした時&quot;, expected: ShieldBreak)" computerName="DESKTOP-DE0SNP1" duration="00:00:00.0000279" startTime="2025-11-02T10:48:33.2409846+09:00" endTime="2025-11-02T10:48:33.2409847+09:00" testType="13cdc9d9-ddb5-4fa4-a97d-d965ccfc6d4b" outcome="Passed" testListId="8c84fa94-04c1-424b-9868-57a2d4851a1d" relativeResultsDirectory="e56328f3-fcda-4052-8878-851450910aa8" />
    <UnitTestResult executionId="16c3edf3-e28c-4437-a946-2cd725e11c41" testId="1baf0d7c-90e5-cfca-3240-d00463ecae2b" testName="TriggerVocabularyTests.JP_And_English_Bare_Triggers_Parse_To_NoOp(text: &quot;バトルに勝った時&quot;, expected: WinsBattle)" computerName="DESKTOP-DE0SNP1" duration="00:00:00.0000297" startTime="2025-11-02T10:48:33.2408169+09:00" endTime="2025-11-02T10:48:33.2408170+09:00" testType="13cdc9d9-ddb5-4fa4-a97d-d965ccfc6d4b" outcome="Passed" testListId="8c84fa94-04c1-424b-9868-57a2d4851a1d" relativeResultsDirectory="16c3edf3-e28c-4437-a946-2cd725e11c41" />
    <UnitTestResult executionId="a0af70b7-3597-4e3d-8f7d-a95aaeda229c" testId="2947b0a6-6e8d-0733-0d00-e1adf85d66b1" testName="JapaneseParsingTests.JP_Text_Is_Normalized_And_Parsed(jp: &quot;攻撃宣言時：２ドロー&quot;, expectedTrigger: AttackDeclared, expectedDraw: 2)" computerName="DESKTOP-DE0SNP1" duration="00:00:00.0000373" startTime="2025-11-02T10:48:33.2405024+09:00" endTime="2025-11-02T10:48:33.2405025+09:00" testType="13cdc9d9-ddb5-4fa4-a97d-d965ccfc6d4b" outcome="Passed" testListId="8c84fa94-04c1-424b-9868-57a2d4851a1d" relativeResultsDirectory="a0af70b7-3597-4e3d-8f7d-a95aaeda229c" />
    <UnitTestResult executionId="6fc5f03b-7163-4c1e-8d9f-9346384cbcd1" testId="9f72cacd-628f-0b1a-ee69-6ed1725a4ab5" testName="EffectParserTests.Parse_DrawX_YieldsExpectedIR(text: &quot;on attack: draw 3&quot;, expectedTrigger: AttackDeclared, expectedDraw: 3)" computerName="DESKTOP-DE0SNP1" duration="00:00:00.0000842" startTime="2025-11-02T10:48:33.1551226+09:00" endTime="2025-11-02T10:48:33.1551227+09:00" testType="13cdc9d9-ddb5-4fa4-a97d-d965ccfc6d4b" outcome="Passed" testListId="8c84fa94-04c1-424b-9868-57a2d4851a1d" relativeResultsDirectory="6fc5f03b-7163-4c1e-8d9f-9346384cbcd1" />
    <UnitTestResult executionId="71fffa80-cd34-4cbd-bba3-e8f340aca728" testId="d176a24e-efc3-6fbb-7ed4-4f86a694e47a" testName="TriggerVocabularyTests.JP_And_English_Bare_Triggers_Parse_To_NoOp(text: &quot;on battle win&quot;, expected: WinsBattle)" computerName="DESKTOP-DE0SNP1" duration="00:00:00.0000904" startTime="2025-11-02T10:48:33.2406400+09:00" endTime="2025-11-02T10:48:33.2406402+09:00" testType="13cdc9d9-ddb5-4fa4-a97d-d965ccfc6d4b" outcome="Passed" testListId="8c84fa94-04c1-424b-9868-57a2d4851a1d" relativeResultsDirectory="71fffa80-cd34-4cbd-bba3-e8f340aca728" />
    <UnitTestResult executionId="f39e3c9c-b1b5-4b31-9fb3-e1e67cd28b01" testId="b07dc649-aeaa-8213-22c8-cd774e8437ce" testName="TriggerVocabularyTests.JP_And_English_Bare_Triggers_Parse_To_NoOp(text: &quot;on shield break&quot;, expected: ShieldBreak)" computerName="DESKTOP-DE0SNP1" duration="00:00:00.0226510" startTime="2025-11-02T10:48:33.2405658+09:00" endTime="2025-11-02T10:48:33.2405659+09:00" testType="13cdc9d9-ddb5-4fa4-a97d-d965ccfc6d4b" outcome="Passed" testListId="8c84fa94-04c1-424b-9868-57a2d4851a1d" relativeResultsDirectory="f39e3c9c-b1b5-4b31-9fb3-e1e67cd28b01" />
    <UnitTestResult executionId="bf3b9e18-97be-4325-8b3c-5df46ca2939f" testId="5a1f7ba7-7e6d-1044-e8d7-0d60cd4c8303" testName="JapaneseParsingTests.JP_Text_Is_Normalized_And_Parsed(jp: &quot;バトルゾーンに出た時、カードを１枚引く。&quot;, expectedTrigger: EnterBattlezone, expectedDraw: 1)" computerName="DESKTOP-DE0SNP1" duration="00:00:00.0001507" startTime="2025-11-02T10:48:33.1553938+09:00" endTime="2025-11-02T10:48:33.1553939+09:00" testType="13cdc9d9-ddb5-4fa4-a97d-d965ccfc6d4b" outcome="Passed" testListId="8c84fa94-04c1-424b-9868-57a2d4851a1d" relativeResultsDirectory="bf3b9e18-97be-4325-8b3c-5df46ca2939f" />
    <UnitTestResult executionId="c884ac8f-ff9d-4292-b8f1-4b2c081fe688" testId="fcb1e21d-aad0-3920-0ea1-0a9eb73b7146" testName="TriggerVocabularyTests.JP_And_English_Bare_Triggers_Parse_To_NoOp(text: &quot;on destroyed&quot;, expected: Destroyed)" computerName="DESKTOP-DE0SNP1" duration="00:00:00.0000342" startTime="2025-11-02T10:48:33.2408903+09:00" endTime="2025-11-02T10:48:33.2408904+09:00" testType="13cdc9d9-ddb5-4fa4-a97d-d965ccfc6d4b" outcome="Passed" testListId="8c84fa94-04c1-424b-9868-57a2d4851a1d" relativeResultsDirectory="c884ac8f-ff9d-4292-b8f1-4b2c081fe688" />
  </Results>
  <TestDefinitions>
    <UnitTest name="JapaneseParsingTests.JP_Text_Is_Normalized_And_Parsed(jp: &quot;攻撃宣言時：２ドロー&quot;, expectedTrigger: AttackDeclared, expectedDraw: 2)" storage="c:\users\米山\duelmasters\tests\dmrules.effects.tests\bin\debug\net8.0\dmrules.effects.tests.dll" id="2947b0a6-6e8d-0733-0d00-e1adf85d66b1">
      <Execution id="a0af70b7-3597-4e3d-8f7d-a95aaeda229c" />
      <TestMethod codeBase="C:\Users\米山\DuelMasters\tests\DMRules.Effects.Tests\bin\Debug\net8.0\DMRules.Effects.Tests.dll" adapterTypeName="executor://xunit/VsTestRunner2/netcoreapp" className="JapaneseParsingTests" name="JP_Text_Is_Normalized_And_Parsed" />
    </UnitTest>
    <UnitTest name="TriggerVocabularyTests.JP_And_English_Bare_Triggers_Parse_To_NoOp(text: &quot;破壊された時&quot;, expected: Destroyed)" storage="c:\users\米山\duelmasters\tests\dmrules.effects.tests\bin\debug\net8.0\dmrules.effects.tests.dll" id="44c132eb-461f-d7d1-f4c5-f333f1b56ad1">
      <Execution id="d74cab10-c9dd-4e38-b94d-d0cf54fc53b6" />
      <TestMethod codeBase="C:\Users\米山\DuelMasters\tests\DMRules.Effects.Tests\bin\Debug\net8.0\DMRules.Effects.Tests.dll" adapterTypeName="executor://xunit/VsTestRunner2/netcoreapp" className="TriggerVocabularyTests" name="JP_And_English_Bare_Triggers_Parse_To_NoOp" />
    </UnitTest>
    <UnitTest name="JapaneseParsingTests.JP_Text_Is_Normalized_And_Parsed(jp: &quot;攻撃時、1枚ドロー。&quot;, expectedTrigger: AttackDeclared, expectedDraw: 1)" storage="c:\users\米山\duelmasters\tests\dmrules.effects.tests\bin\debug\net8.0\dmrules.effects.tests.dll" id="fe5aae07-8957-8d08-bbd1-84b78bc820ae">
      <Execution id="516980a6-2bf8-4b7e-985a-e19e300370d4" />
      <TestMethod codeBase="C:\Users\米山\DuelMasters\tests\DMRules.Effects.Tests\bin\Debug\net8.0\DMRules.Effects.Tests.dll" adapterTypeName="executor://xunit/VsTestRunner2/netcoreapp" className="JapaneseParsingTests" name="JP_Text_Is_Normalized_And_Parsed" />
    </UnitTest>
    <UnitTest name="TriggerVocabularyTests.JP_And_English_Bare_Triggers_Parse_To_NoOp(text: &quot;シールドをブレイクした時&quot;, expected: ShieldBreak)" storage="c:\users\米山\duelmasters\tests\dmrules.effects.tests\bin\debug\net8.0\dmrules.effects.tests.dll" id="50e13b99-ed59-40ff-b9a7-8a64c2b682a2">
      <Execution id="e56328f3-fcda-4052-8878-851450910aa8" />
      <TestMethod codeBase="C:\Users\米山\DuelMasters\tests\DMRules.Effects.Tests\bin\Debug\net8.0\DMRules.Effects.Tests.dll" adapterTypeName="executor://xunit/VsTestRunner2/netcoreapp" className="TriggerVocabularyTests" name="JP_And_English_Bare_Triggers_Parse_To_NoOp" />
    </UnitTest>
    <UnitTest name="EffectParserTests.Parse_DrawX_YieldsExpectedIR(text: &quot;on summon: draw 2&quot;, expectedTrigger: EnterBattlezone, expectedDraw: 2)" storage="c:\users\米山\duelmasters\tests\dmrules.effects.tests\bin\debug\net8.0\dmrules.effects.tests.dll" id="e1e270d6-b5cf-e9d5-e631-6b15e766cc77">
      <Execution id="c8e91f61-0c68-4fad-9330-81fc22c8e1f0" />
      <TestMethod codeBase="C:\Users\米山\DuelMasters\tests\DMRules.Effects.Tests\bin\Debug\net8.0\DMRules.Effects.Tests.dll" adapterTypeName="executor://xunit/VsTestRunner2/netcoreapp" className="EffectParserTests" name="Parse_DrawX_YieldsExpectedIR" />
    </UnitTest>
    <UnitTest name="TriggerVocabularyTests.JP_And_English_Bare_Triggers_Parse_To_NoOp(text: &quot;on shield break&quot;, expected: ShieldBreak)" storage="c:\users\米山\duelmasters\tests\dmrules.effects.tests\bin\debug\net8.0\dmrules.effects.tests.dll" id="b07dc649-aeaa-8213-22c8-cd774e8437ce">
      <Execution id="f39e3c9c-b1b5-4b31-9fb3-e1e67cd28b01" />
      <TestMethod codeBase="C:\Users\米山\DuelMasters\tests\DMRules.Effects.Tests\bin\Debug\net8.0\DMRules.Effects.Tests.dll" adapterTypeName="executor://xunit/VsTestRunner2/netcoreapp" className="TriggerVocabularyTests" name="JP_And_English_Bare_Triggers_Parse_To_NoOp" />
    </UnitTest>
    <UnitTest name="JapaneseParsingTests.JP_Text_Is_Normalized_And_Parsed(jp: &quot;バトルゾーンに出た時、カードを１枚引く。&quot;, expectedTrigger: EnterBattlezone, expectedDraw: 1)" storage="c:\users\米山\duelmasters\tests\dmrules.effects.tests\bin\debug\net8.0\dmrules.effects.tests.dll" id="5a1f7ba7-7e6d-1044-e8d7-0d60cd4c8303">
      <Execution id="bf3b9e18-97be-4325-8b3c-5df46ca2939f" />
      <TestMethod codeBase="C:\Users\米山\DuelMasters\tests\DMRules.Effects.Tests\bin\Debug\net8.0\DMRules.Effects.Tests.dll" adapterTypeName="executor://xunit/VsTestRunner2/netcoreapp" className="JapaneseParsingTests" name="JP_Text_Is_Normalized_And_Parsed" />
    </UnitTest>
    <UnitTest name="TriggerVocabularyTests.JP_And_English_Bare_Triggers_Parse_To_NoOp(text: &quot;このクリーチャーが破壊されるとき&quot;, expected: Destroyed)" storage="c:\users\米山\duelmasters\tests\dmrules.effects.tests\bin\debug\net8.0\dmrules.effects.tests.dll" id="0fec0da3-d01d-e6a4-21d5-d07a21e47ea5">
      <Execution id="16d4d7d6-700f-4c34-8946-351b21cc6aee" />
      <TestMethod codeBase="C:\Users\米山\DuelMasters\tests\DMRules.Effects.Tests\bin\Debug\net8.0\DMRules.Effects.Tests.dll" adapterTypeName="executor://xunit/VsTestRunner2/netcoreapp" className="TriggerVocabularyTests" name="JP_And_English_Bare_Triggers_Parse_To_NoOp" />
    </UnitTest>
    <UnitTest name="EffectParserTests.Parse_DrawX_YieldsExpectedIR(text: &quot;on enter: draw 1&quot;, expectedTrigger: EnterBattlezone, expectedDraw: 1)" storage="c:\users\米山\duelmasters\tests\dmrules.effects.tests\bin\debug\net8.0\dmrules.effects.tests.dll" id="c48eaf29-d5d1-6bd8-d7f1-43f2aa36a9f8">
      <Execution id="4bafa5e1-0202-4b6f-b1b5-1a4a7117d419" />
      <TestMethod codeBase="C:\Users\米山\DuelMasters\tests\DMRules.Effects.Tests\bin\Debug\net8.0\DMRules.Effects.Tests.dll" adapterTypeName="executor://xunit/VsTestRunner2/netcoreapp" className="EffectParserTests" name="Parse_DrawX_YieldsExpectedIR" />
    </UnitTest>
    <UnitTest name="EffectParserTests.Parse_DrawX_YieldsExpectedIR(text: &quot;on attack: draw 3&quot;, expectedTrigger: AttackDeclared, expectedDraw: 3)" storage="c:\users\米山\duelmasters\tests\dmrules.effects.tests\bin\debug\net8.0\dmrules.effects.tests.dll" id="9f72cacd-628f-0b1a-ee69-6ed1725a4ab5">
      <Execution id="6fc5f03b-7163-4c1e-8d9f-9346384cbcd1" />
      <TestMethod codeBase="C:\Users\米山\DuelMasters\tests\DMRules.Effects.Tests\bin\Debug\net8.0\DMRules.Effects.Tests.dll" adapterTypeName="executor://xunit/VsTestRunner2/netcoreapp" className="EffectParserTests" name="Parse_DrawX_YieldsExpectedIR" />
    </UnitTest>
    <UnitTest name="JapaneseParsingTests.JP_Text_Is_Normalized_And_Parsed(jp: &quot;攻撃する時：カードを二枚引く&quot;, expectedTrigger: AttackDeclared, expectedDraw: 2)" storage="c:\users\米山\duelmasters\tests\dmrules.effects.tests\bin\debug\net8.0\dmrules.effects.tests.dll" id="7dbef199-2b43-27bf-4896-5555eaa43a8f">
      <Execution id="d0480850-9ba0-4507-bbd2-831254b60628" />
      <TestMethod codeBase="C:\Users\米山\DuelMasters\tests\DMRules.Effects.Tests\bin\Debug\net8.0\DMRules.Effects.Tests.dll" adapterTypeName="executor://xunit/VsTestRunner2/netcoreapp" className="JapaneseParsingTests" name="JP_Text_Is_Normalized_And_Parsed" />
    </UnitTest>
    <UnitTest name="EffectParserTests.PlannedEffect_ExecutesOnTrigger" storage="c:\users\米山\duelmasters\tests\dmrules.effects.tests\bin\debug\net8.0\dmrules.effects.tests.dll" id="88162da8-64c7-e2ce-6c20-2af2bb86aeda">
      <Execution id="61819587-962f-4277-9f4d-b9db6e7eb171" />
      <TestMethod codeBase="C:\Users\米山\DuelMasters\tests\DMRules.Effects.Tests\bin\Debug\net8.0\DMRules.Effects.Tests.dll" adapterTypeName="executor://xunit/VsTestRunner2/netcoreapp" className="EffectParserTests" name="PlannedEffect_ExecutesOnTrigger" />
    </UnitTest>
    <UnitTest name="TriggerVocabularyTests.JP_And_English_Bare_Triggers_Parse_To_NoOp(text: &quot;バトルに勝った時&quot;, expected: WinsBattle)" storage="c:\users\米山\duelmasters\tests\dmrules.effects.tests\bin\debug\net8.0\dmrules.effects.tests.dll" id="1baf0d7c-90e5-cfca-3240-d00463ecae2b">
      <Execution id="16c3edf3-e28c-4437-a946-2cd725e11c41" />
      <TestMethod codeBase="C:\Users\米山\DuelMasters\tests\DMRules.Effects.Tests\bin\Debug\net8.0\DMRules.Effects.Tests.dll" adapterTypeName="executor://xunit/VsTestRunner2/netcoreapp" className="TriggerVocabularyTests" name="JP_And_English_Bare_Triggers_Parse_To_NoOp" />
    </UnitTest>
    <UnitTest name="JapaneseParsingTests.JP_Text_Is_Normalized_And_Parsed(jp: &quot;召喚時：カードを2枚引く&quot;, expectedTrigger: EnterBattlezone, expectedDraw: 2)" storage="c:\users\米山\duelmasters\tests\dmrules.effects.tests\bin\debug\net8.0\dmrules.effects.tests.dll" id="b1ee262b-73f9-1fad-29cd-30bb35cac550">
      <Execution id="9b245203-7ad6-4c80-aa95-efea82559517" />
      <TestMethod codeBase="C:\Users\米山\DuelMasters\tests\DMRules.Effects.Tests\bin\Debug\net8.0\DMRules.Effects.Tests.dll" adapterTypeName="executor://xunit/VsTestRunner2/netcoreapp" className="JapaneseParsingTests" name="JP_Text_Is_Normalized_And_Parsed" />
    </UnitTest>
    <UnitTest name="TriggerVocabularyTests.JP_And_English_Bare_Triggers_Parse_To_NoOp(text: &quot;on destroyed&quot;, expected: Destroyed)" storage="c:\users\米山\duelmasters\tests\dmrules.effects.tests\bin\debug\net8.0\dmrules.effects.tests.dll" id="fcb1e21d-aad0-3920-0ea1-0a9eb73b7146">
      <Execution id="c884ac8f-ff9d-4292-b8f1-4b2c081fe688" />
      <TestMethod codeBase="C:\Users\米山\DuelMasters\tests\DMRules.Effects.Tests\bin\Debug\net8.0\DMRules.Effects.Tests.dll" adapterTypeName="executor://xunit/VsTestRunner2/netcoreapp" className="TriggerVocabularyTests" name="JP_And_English_Bare_Triggers_Parse_To_NoOp" />
    </UnitTest>
    <UnitTest name="TriggerVocabularyTests.JP_And_English_Bare_Triggers_Parse_To_NoOp(text: &quot;on battle win&quot;, expected: WinsBattle)" storage="c:\users\米山\duelmasters\tests\dmrules.effects.tests\bin\debug\net8.0\dmrules.effects.tests.dll" id="d176a24e-efc3-6fbb-7ed4-4f86a694e47a">
      <Execution id="71fffa80-cd34-4cbd-bba3-e8f340aca728" />
      <TestMethod codeBase="C:\Users\米山\DuelMasters\tests\DMRules.Effects.Tests\bin\Debug\net8.0\DMRules.Effects.Tests.dll" adapterTypeName="executor://xunit/VsTestRunner2/netcoreapp" className="TriggerVocabularyTests" name="JP_And_English_Bare_Triggers_Parse_To_NoOp" />
    </UnitTest>
  </TestDefinitions>
  <TestEntries>
    <TestEntry testId="0fec0da3-d01d-e6a4-21d5-d07a21e47ea5" executionId="16d4d7d6-700f-4c34-8946-351b21cc6aee" testListId="8c84fa94-04c1-424b-9868-57a2d4851a1d" />
    <TestEntry testId="fe5aae07-8957-8d08-bbd1-84b78bc820ae" executionId="516980a6-2bf8-4b7e-985a-e19e300370d4" testListId="8c84fa94-04c1-424b-9868-57a2d4851a1d" />
    <TestEntry testId="e1e270d6-b5cf-e9d5-e631-6b15e766cc77" executionId="c8e91f61-0c68-4fad-9330-81fc22c8e1f0" testListId="8c84fa94-04c1-424b-9868-57a2d4851a1d" />
    <TestEntry testId="7dbef199-2b43-27bf-4896-5555eaa43a8f" executionId="d0480850-9ba0-4507-bbd2-831254b60628" testListId="8c84fa94-04c1-424b-9868-57a2d4851a1d" />
    <TestEntry testId="88162da8-64c7-e2ce-6c20-2af2bb86aeda" executionId="61819587-962f-4277-9f4d-b9db6e7eb171" testListId="8c84fa94-04c1-424b-9868-57a2d4851a1d" />
    <TestEntry testId="44c132eb-461f-d7d1-f4c5-f333f1b56ad1" executionId="d74cab10-c9dd-4e38-b94d-d0cf54fc53b6" testListId="8c84fa94-04c1-424b-9868-57a2d4851a1d" />
    <TestEntry testId="b1ee262b-73f9-1fad-29cd-30bb35cac550" executionId="9b245203-7ad6-4c80-aa95-efea82559517" testListId="8c84fa94-04c1-424b-9868-57a2d4851a1d" />
    <TestEntry testId="c48eaf29-d5d1-6bd8-d7f1-43f2aa36a9f8" executionId="4bafa5e1-0202-4b6f-b1b5-1a4a7117d419" testListId="8c84fa94-04c1-424b-9868-57a2d4851a1d" />
    <TestEntry testId="50e13b99-ed59-40ff-b9a7-8a64c2b682a2" executionId="e56328f3-fcda-4052-8878-851450910aa8" testListId="8c84fa94-04c1-424b-9868-57a2d4851a1d" />
    <TestEntry testId="1baf0d7c-90e5-cfca-3240-d00463ecae2b" executionId="16c3edf3-e28c-4437-a946-2cd725e11c41" testListId="8c84fa94-04c1-424b-9868-57a2d4851a1d" />
    <TestEntry testId="2947b0a6-6e8d-0733-0d00-e1adf85d66b1" executionId="a0af70b7-3597-4e3d-8f7d-a95aaeda229c" testListId="8c84fa94-04c1-424b-9868-57a2d4851a1d" />
    <TestEntry testId="9f72cacd-628f-0b1a-ee69-6ed1725a4ab5" executionId="6fc5f03b-7163-4c1e-8d9f-9346384cbcd1" testListId="8c84fa94-04c1-424b-9868-57a2d4851a1d" />
    <TestEntry testId="d176a24e-efc3-6fbb-7ed4-4f86a694e47a" executionId="71fffa80-cd34-4cbd-bba3-e8f340aca728" testListId="8c84fa94-04c1-424b-9868-57a2d4851a1d" />
    <TestEntry testId="b07dc649-aeaa-8213-22c8-cd774e8437ce" executionId="f39e3c9c-b1b5-4b31-9fb3-e1e67cd28b01" testListId="8c84fa94-04c1-424b-9868-57a2d4851a1d" />
    <TestEntry testId="5a1f7ba7-7e6d-1044-e8d7-0d60cd4c8303" executionId="bf3b9e18-97be-4325-8b3c-5df46ca2939f" testListId="8c84fa94-04c1-424b-9868-57a2d4851a1d" />
    <TestEntry testId="fcb1e21d-aad0-3920-0ea1-0a9eb73b7146" executionId="c884ac8f-ff9d-4292-b8f1-4b2c081fe688" testListId="8c84fa94-04c1-424b-9868-57a2d4851a1d" />
  </TestEntries>
  <TestLists>
    <TestList name="Results Not in a List" id="8c84fa94-04c1-424b-9868-57a2d4851a1d" />
    <TestList name="All Loaded Results" id="19431567-8539-422a-85d7-44ee4e166bda" />
  </TestLists>
  <ResultSummary outcome="Completed">
    <Counters total="16" executed="16" passed="16" failed="0" error="0" timeout="0" aborted="0" inconclusive="0" passedButRunAborted="0" notRunnable="0" notExecuted="0" disconnected="0" warning="0" completed="0" inProgress="0" pending="0" />
    <Output>
      <StdOut>[xUnit.net 00:00:00.00] xUnit.net VSTest Adapter v2.8.1+ce9211e970 (64-bit .NET 8.0.21)&#xD;
[xUnit.net 00:00:00.28]   Discovering: DMRules.Effects.Tests&#xD;
[xUnit.net 00:00:00.47]   Discovered:  DMRules.Effects.Tests&#xD;
[xUnit.net 00:00:00.47]   Starting:    DMRules.Effects.Tests&#xD;
[xUnit.net 00:00:00.77]   Finished:    DMRules.Effects.Tests&#xD;
</StdOut>
    </Output>
  </ResultSummary>
</TestRun>