<?xml version="1.0" encoding="utf-8"?>
<TestRun id="22b4da23-8939-454b-9df9-bc73b691b820" name="米山@DESKTOP-DE0SNP1 2025-11-04 15:00:20" runUser="DESKTOP-DE0SNP1\米山" xmlns="http://microsoft.com/schemas/VisualStudio/TeamTest/2010">
  <Times creation="2025-11-04T15:00:20.9240762+09:00" queuing="2025-11-04T15:00:20.9240768+09:00" start="2025-11-04T15:00:15.3791496+09:00" finish="2025-11-04T15:00:23.7466952+09:00" />
  <TestSettings name="default" id="2a2e02b2-9608-4269-99cd-916e7f7bd589">
    <Deployment runDeploymentRoot="米山_DESKTOP-DE0SNP1_2025-11-04_15_00_20" />
  </TestSettings>
  <Results>
    <UnitTestResult executionId="4a65fd97-8916-43f4-b0be-8b3d8d60199c" testId="6d16cc48-223a-525a-1ffe-c84962a1c5bc" testName="SqliteEffectTextProviderTests.Can_Read_From_TempDb_ByFaceId" computerName="DESKTOP-DE0SNP1" duration="00:00:02.0608730" startTime="2025-11-04T15:00:22.2989844+09:00" endTime="2025-11-04T15:00:22.2989849+09:00" testType="13cdc9d9-ddb5-4fa4-a97d-d965ccfc6d4b" outcome="Passed" testListId="8c84fa94-04c1-424b-9868-57a2d4851a1d" relativeResultsDirectory="4a65fd97-8916-43f4-b0be-8b3d8d60199c" />
    <UnitTestResult executionId="67cd534d-2338-473d-a7cd-ab993b6c7546" testId="5f41c589-d743-4657-e841-1a4ef9c3b555" testName="DictionaryEffectTextProviderTests.InMemoryProvider_Works" computerName="DESKTOP-DE0SNP1" duration="00:00:00.2136265" startTime="2025-11-04T15:00:20.4612048+09:00" endTime="2025-11-04T15:00:20.4612381+09:00" testType="13cdc9d9-ddb5-4fa4-a97d-d965ccfc6d4b" outcome="Passed" testListId="8c84fa94-04c1-424b-9868-57a2d4851a1d" relativeResultsDirectory="67cd534d-2338-473d-a7cd-ab993b6c7546" />
    <UnitTestResult executionId="9b225a86-7270-4c75-8fc5-32fe08fc4d59" testId="70aa5365-9ec5-7675-8ae0-7353ea820ee6" testName="SqliteEffectTextProviderTests.Can_Read_From_TempDb_ByName" computerName="DESKTOP-DE0SNP1" duration="00:00:01.2370334" startTime="2025-11-04T15:00:23.5362098+09:00" endTime="2025-11-04T15:00:23.5362104+09:00" testType="13cdc9d9-ddb5-4fa4-a97d-d965ccfc6d4b" outcome="Passed" testListId="8c84fa94-04c1-424b-9868-57a2d4851a1d" relativeResultsDirectory="9b225a86-7270-4c75-8fc5-32fe08fc4d59" />
  </Results>
  <TestDefinitions>
    <UnitTest name="SqliteEffectTextProviderTests.Can_Read_From_TempDb_ByFaceId" storage="c:\users\米山\duelmasters\tests\dmrules.effects.text.tests\bin\debug\net8.0\dmrules.effects.text.tests.dll" id="6d16cc48-223a-525a-1ffe-c84962a1c5bc">
      <Execution id="4a65fd97-8916-43f4-b0be-8b3d8d60199c" />
      <TestMethod codeBase="C:\Users\米山\DuelMasters\tests\DMRules.Effects.Text.Tests\bin\Debug\net8.0\DMRules.Effects.Text.Tests.dll" adapterTypeName="executor://xunit/VsTestRunner2/netcoreapp" className="SqliteEffectTextProviderTests" name="Can_Read_From_TempDb_ByFaceId" />
    </UnitTest>
    <UnitTest name="SqliteEffectTextProviderTests.Can_Read_From_TempDb_ByName" storage="c:\users\米山\duelmasters\tests\dmrules.effects.text.tests\bin\debug\net8.0\dmrules.effects.text.tests.dll" id="70aa5365-9ec5-7675-8ae0-7353ea820ee6">
      <Execution id="9b225a86-7270-4c75-8fc5-32fe08fc4d59" />
      <TestMethod codeBase="C:\Users\米山\DuelMasters\tests\DMRules.Effects.Text.Tests\bin\Debug\net8.0\DMRules.Effects.Text.Tests.dll" adapterTypeName="executor://xunit/VsTestRunner2/netcoreapp" className="SqliteEffectTextProviderTests" name="Can_Read_From_TempDb_ByName" />
    </UnitTest>
    <UnitTest name="DictionaryEffectTextProviderTests.InMemoryProvider_Works" storage="c:\users\米山\duelmasters\tests\dmrules.effects.text.tests\bin\debug\net8.0\dmrules.effects.text.tests.dll" id="5f41c589-d743-4657-e841-1a4ef9c3b555">
      <Execution id="67cd534d-2338-473d-a7cd-ab993b6c7546" />
      <TestMethod codeBase="C:\Users\米山\DuelMasters\tests\DMRules.Effects.Text.Tests\bin\Debug\net8.0\DMRules.Effects.Text.Tests.dll" adapterTypeName="executor://xunit/VsTestRunner2/netcoreapp" className="DictionaryEffectTextProviderTests" name="InMemoryProvider_Works" />
    </UnitTest>
  </TestDefinitions>
  <TestEntries>
    <TestEntry testId="6d16cc48-223a-525a-1ffe-c84962a1c5bc" executionId="4a65fd97-8916-43f4-b0be-8b3d8d60199c" testListId="8c84fa94-04c1-424b-9868-57a2d4851a1d" />
    <TestEntry testId="5f41c589-d743-4657-e841-1a4ef9c3b555" executionId="67cd534d-2338-473d-a7cd-ab993b6c7546" testListId="8c84fa94-04c1-424b-9868-57a2d4851a1d" />
    <TestEntry testId="70aa5365-9ec5-7675-8ae0-7353ea820ee6" executionId="9b225a86-7270-4c75-8fc5-32fe08fc4d59" testListId="8c84fa94-04c1-424b-9868-57a2d4851a1d" />
  </TestEntries>
  <TestLists>
    <TestList name="一覧に存在しない結果" id="8c84fa94-04c1-424b-9868-57a2d4851a1d" />
    <TestList name="読み込まれたすべての結果" id="19431567-8539-422a-85d7-44ee4e166bda" />
  </TestLists>
  <ResultSummary outcome="Completed">
    <Counters total="3" executed="3" passed="3" failed="0" error="0" timeout="0" aborted="0" inconclusive="0" passedButRunAborted="0" notRunnable="0" notExecuted="0" disconnected="0" warning="0" completed="0" inProgress="0" pending="0" />
    <Output>
      <StdOut>[xUnit.net 00:00:00.01] xUnit.net VSTest Adapter v2.8.1+ce9211e970 (64-bit .NET 8.0.21)&#xD;
[xUnit.net 00:00:00.54]   Discovering: DMRules.Effects.Text.Tests&#xD;
[xUnit.net 00:00:00.63]   Discovered:  DMRules.Effects.Text.Tests&#xD;
[xUnit.net 00:00:00.63]   Starting:    DMRules.Effects.Text.Tests&#xD;
[xUnit.net 00:00:04.17]   Finished:    DMRules.Effects.Text.Tests&#xD;
</StdOut>
    </Output>
  </ResultSummary>
</TestRun>